// Jest Snapshot v1, https://goo.gl/fbAQLP

exports[`Pruebas en GifItem Debe hacer match con el snapshot 1`] = `
<div>
  <div
    class="card"
  >
    <img
      alt="one punch"
      src="http://one-punch.com/img.jpg"
    />
    <p>
      one punch
    </p>
  </div>
</div>
`;
